{"schema":1,"command":"catalog list","ok":true,"result":{"catalog_digest":"e83d7f3f43fc95e14fb736c705baf3836ad8e527389badef220f990574312c72","units":[{"id":"cli","kind":"archetype","description":"Conventional CLI project archetype (Cobra command tree)","manifest_path":"archetypes/cli/manifest.toml"},{"id":"core","kind":"core","description":"Core toolchain, module layout, docs, CI, Dependabot, and AGENTS for every Generated Project","manifest_path":"core/manifest.toml"},{"id":"distribution","kind":"profile","description":"Complete public binary-release scaffolding (post-MVP)","manifest_path":"profiles/distribution/manifest.toml"},{"id":"tui","kind":"archetype","description":"Conventional TUI project archetype (Bubble Tea stack)","manifest_path":"archetypes/tui/manifest.toml"}]},"error":null,"warnings":[]}
