schema=1
name=worktree-status
module=github.com/robertguss/worktree-status
description=Git worktree status TUI with asynchronous refresh
archetype=tui
destination=/Users/robertguss/Projects/tools/worktree-status
binary=worktree-status
visibility=private
profiles=[]
git.init=true
git.initial_branch=main
