id=tui kind=archetype schema=1
manifest_path=archetypes/tui/manifest.toml
catalog_digest=e83d7f3f43fc95e14fb736c705baf3836ad8e527389badef220f990574312c72
description=Conventional TUI project archetype (Bubble Tea stack)
files:
  cmd/{{binary}}/main.go render=template source=files/main.go.tmpl mode=0644
  docs/ui-architecture.md render=template source=files/docs/ui-architecture.md.tmpl mode=0644
  internal/tui/app.go render=template source=files/internal/tui/app.go.tmpl mode=0644
  internal/tui/state.go render=template source=files/internal/tui/state.go.tmpl mode=0644
  internal/tui/update.go render=static source=files/internal/tui/update.go.static mode=0644
  internal/tui/update_test.go render=template source=files/internal/tui/update_test.go.tmpl mode=0644
  internal/tui/view.go render=static source=files/internal/tui/view.go.static mode=0644
  internal/tui/view_test.go render=template source=files/internal/tui/view_test.go.tmpl mode=0644
  internal/tui/keymap.go render=static source=files/internal/tui/keymap.go.static mode=0644
  internal/tui/theme.go render=static source=files/internal/tui/theme.go.static mode=0644
  internal/tui/lifecycle_test.go render=static source=files/internal/tui/lifecycle_test.go.static mode=0644
dependencies:
  charm.land/bubbletea/v2 v2.0.8 scope=runtime
  charm.land/bubbles/v2 v2.1.1 scope=runtime
  charm.land/lipgloss/v2 v2.0.5 scope=runtime
