id=cli kind=archetype schema=1
manifest_path=archetypes/cli/manifest.toml
catalog_digest=e83d7f3f43fc95e14fb736c705baf3836ad8e527389badef220f990574312c72
description=Conventional CLI project archetype (Cobra command tree)
files:
  cmd/{{binary}}/main.go render=template source=files/main.go.tmpl mode=0644
  internal/cli/root.go render=template source=files/internal/cli/root.go.tmpl mode=0644
  internal/cli/root_test.go render=template source=files/internal/cli/root_test.go.tmpl mode=0644
  internal/cli/version.go render=template source=files/internal/cli/version.go.tmpl mode=0644
  internal/cli/completion.go render=static source=files/internal/cli/completion.go.static mode=0644
  internal/cli/script_test.go render=template source=files/internal/cli/script_test.go.tmpl mode=0644
  internal/cli/testdata/script/help.txt render=template source=files/internal/cli/testdata/script/help.txt.tmpl mode=0644
  internal/cli/testdata/script/version.txt render=template source=files/internal/cli/testdata/script/version.txt.tmpl mode=0644
  internal/cli/testdata/script/completion.txt render=template source=files/internal/cli/testdata/script/completion.txt.tmpl mode=0644
dependencies:
  github.com/spf13/cobra v1.10.2 scope=runtime
  github.com/rogpeppe/go-internal v1.15.0 scope=test
