plan is the authoritative dry run. It produces the Generation Plan without
filesystem writes, subprocesses, or network access.

Text mode prints a human-readable summary: file paths, dependencies, verify
checks, network-capable steps, and git init policy. --verbose expands digests,
tools, and external-step argv. --output json emits the complete versioned plan
document (machine-complete).

There is no separate dry run command or flag — use plan to inspect exactly what
generate would execute with the same flags.

--verify default|strict selects which verification step list the plan records
so the inspected plan is byte-equal to the plan generate executes.

Requires an explicit --spec <path|->. Use --spec - for stdin.

Examples:
  foundry plan --spec foundry.toml
  foundry plan --spec foundry.toml --verbose
  foundry plan --spec foundry.toml --verify strict --output json
  foundry plan --spec - < foundry.toml

Usage:
  foundry plan [flags]

Flags:
      --dest string     override specification destination (optional)
  -h, --help            help for plan
      --spec string     path to Project Specification, or - for stdin (required)
      --verify string   verification step list: default|strict (default "default")

Global Flags:
      --color string    color mode: auto|always|never (text mode only) (default "auto")
      --output string   output mode: text|json (default "text")
      --quiet           suppress non-essential human output (text mode only)
      --verbose         diagnostic detail on stderr (text mode only)
