generate is the only command that writes a Generated Project. It constructs the
same Generation Plan as plan (authoritative dry run), discloses network-capable
steps, then stages, verifies, and places the destination exclusively (no
overwrite). Optional isolated git init runs in staging; Foundry never creates
git commits or configures git identity — commit yourself after generate.

Use plan first to inspect the Generation Plan without side effects.
--verify default|strict and --dest match plan so the executed plan is
byte-equal to the inspected plan under the same flags.

Requires an explicit --spec <path|->. Progress lines use stable Section 29.2
stage names; --quiet suppresses progress and summary but never errors,
network disclosure, or preserved-stage locations.

Examples:
  foundry plan --spec foundry.toml
  foundry generate --spec foundry.toml
  foundry generate --spec foundry.toml --verify strict
  foundry generate --spec foundry.toml --quiet

Usage:
  foundry generate [flags]

Flags:
      --dest string     override specification destination (optional)
  -h, --help            help for generate
      --spec string     path to Project Specification, or - for stdin (required)
      --verify string   verification step list: default|strict (default "default")

Global Flags:
      --color string    color mode: auto|always|never (text mode only) (default "auto")
      --output string   output mode: text|json (default "text")
      --quiet           suppress non-essential human output (text mode only)
      --verbose         diagnostic detail on stderr (text mode only)
