validate executes the complete pure pipeline (strict parse, field validation,
catalog resolution, plan construction, non-binding destination observation)
and discards the plan. A specification that validates is exactly one that plans.

Requires an explicit --spec <path|->. There is no implicit foundry.toml discovery.
Use --spec - to read the specification from stdin (UTF-8, 1 MiB cap).

Optional --dest overrides the specification destination under the same rules;
observation is read-only and non-binding.

Examples:
  foundry validate --spec foundry.toml
  foundry validate --spec - < foundry.toml
  foundry validate --spec foundry.toml --dest /tmp/demo-cli

Usage:
  foundry validate [flags]

Flags:
      --dest string   override specification destination (optional)
  -h, --help          help for validate
      --spec string   path to Project Specification, or - for stdin (required)

Global Flags:
      --color string    color mode: auto|always|never (text mode only) (default "auto")
      --output string   output mode: text|json (default "text")
      --quiet           suppress non-essential human output (text mode only)
      --verbose         diagnostic detail on stderr (text mode only)
