version reports semantic version, VCS commit (when stamped), Go runtime
version, the embedded catalog SHA-256 digest, and the catalog Go pin plus
FOUNDRY_GO_BIN guidance for generate (REQ-035 / REQ-162).

Metadata comes from Go build settings (not linker-flag string injection).
For a fuller toolchain probe, use foundry doctor.

Examples:
  foundry version
  foundry version --output json

Usage:
  foundry version [flags]

Flags:
  -h, --help   help for version

Global Flags:
      --color string    color mode: auto|always|never (text mode only) (default "auto")
      --output string   output mode: text|json (default "text")
      --quiet           suppress non-essential human output (text mode only)
      --verbose         diagnostic detail on stderr (text mode only)
