{"may_be_required":true,"verify_mode":"strict","steps":[{"id":"go-mod-tidy","network":"may","reason":"module resolution during go mod tidy on cold caches"},{"id":"go-govulncheck","network":"may","reason":"vulnerability database access during go tool govulncheck"}],"reasons":["module resolution during go mod tidy on cold caches","vulnerability database access during go tool govulncheck"]}
