progress|read-parse-spec||
progress|validate-spec||
progress|load-catalog||
progress|resolve||
progress|build-plan||
progress|tool-preflight||
progress|report-plan-network||
state||planned||bootstrap
progress|acquire-parent|planned|
state||parent-acquired||transition
progress|create-stage|parent-acquired|
state||stage-created||transition
progress|render|stage-created|
state||cancelled||cancel
terminal||cancelled|cancelled|terminal|stage_path=.foundry-demo-deadbeef
