progress|read-parse-spec||
progress|validate-spec||
progress|load-catalog||
progress|resolve||
progress|build-plan||
progress|tool-preflight||
progress|report-plan-network||
state||planned||bootstrap
progress|acquire-parent|planned|
state||parent-acquired||transition
progress|create-stage|parent-acquired|
state||stage-created||transition
progress|render|stage-created|
state||rendered||transition
progress|go-mod-tidy|rendered|
state||normalized||transition
progress|freeze-tree|normalized|
state||frozen||transition
progress|verify-tools|frozen|
state||verified||transition
progress|final-conformance|verified|
state||conformed||transition
progress|git-init|conformed|
progress|git-template-cleanup|conformed|
state||git-initialized||transition
progress|parent-reobserve|git-initialized|
state||committing||transition
progress|commit|committing|
state||conflicted||commit
terminal||conflicted|conflicted|terminal|stage_path=.foundry-demo-deadbeef
progress|report|conflicted|
