{"schema":1,"command":"plan","ok":false,"result":null,"error":{"error_id":"plan.file_collision","message":"file \"go.mod\" claimed by core and cli","remediation":"Resolve the file ownership collision: remove or rename one of the conflicting contributions so each output path has a single owner. The error names every claimant.","path":"go.mod","location":"go.mod","exit_code":1},"warnings":[]}
