{"schema":1,"command":"validate","ok":false,"result":null,"error":{"error_id":"spec.unknown_field","message":"unknown field \"offline\"","remediation":"Remove the unknown field or table named in the error, or correct its spelling. Foundry uses strict TOML decoding — unknown keys are errors. See Section 14 of the specification.","path":"foundry.toml","line":4,"col":1,"location":"foundry.toml:4:1","exit_code":2},"warnings":[]}
